// Jest Snapshot v1, https://goo.gl/fbAQLP

exports[`SnackBar.vue should have a custom title and match snapshot 1`] = `
<div class="v-snack v-snack--bottom">
  <transition-stub name="v-snack-transition">
    <div class="v-snack__wrapper v-sheet v-sheet--outlined theme--light success--text" style="display: none;">
      <div role="status" aria-live="polite" class="v-snack__content">
        My timeout is set to 2000.

      </div>
      <div class="v-snack__action "><button type="button" class="v-btn v-btn--text theme--light v-size--default blue--text v-snack__btn"><span class="v-btn__content">
      Close
    </span></button></div>
    </div>
  </transition-stub>
</div>
`;
